In this space, type the sequence of commands you used to achieve the final state of all four files:
C:\Users\mattl>mkdir test

C:\Users\mattl>cd Desktop

C:\Users\mattl\Desktop>mkdir test

C:\Users\mattl\Desktop>cd test

C:\Users\mattl\Desktop\test>git init
Initialized empty Git repository in C:/Users/mattl/Desktop/test/.git/

C:\Users\mattl\Desktop\test>echo 'test' > README

C:\Users\mattl\Desktop\test>echo 'test > CONTRIBUTING.md

C:\Users\mattl\Desktop\test>echo 'test' > untracked

C:\Users\mattl\Desktop\test>echo 'test' > inRepo

C:\Users\mattl\Desktop\test>git add README

C:\Users\mattl\Desktop\test>git add CONTRIBUTING.md

C:\Users\mattl\Desktop\test>git status
On branch master

No commits yet

Changes to be committed:
  (use "git rm --cached <file>..." to unstage)

        new file:   CONTRIBUTING.md
        new file:   README

Changes not staged for commit:
  (use "git add <file>..." to update what will be committed)
  (use "git checkout -- <file>..." to discard changes in working directory)

        modified:   CONTRIBUTING.md

Untracked files:
  (use "git add <file>..." to include in what will be committed)

        untracked


Paste the URL of your repository here:
https://github.com/mlyons1414/CISC275-Spring2019-first-git



